
=== 2026-08-20T13:47:12.686Z ===
From: Zezoyah <noreply@zezoyah.com>
To: abdelqalzeinn@gmail.com
Subject: Your cart is waiting ❤ — 1 item left
---
You have items waiting in your cart. Complete your order at https://zezoyah.com/cart.html
=================


=== 2026-08-20T14:07:37.297Z ===
From: Zezoyah <noreply@zezoyah.com>
To: abdelqalzeinn@gmail.com
Subject: Zezoyah Email Test
---
Email test from Zezoyah. If you receive this, your configuration is working!
=================


=== 2026-08-20T21:55:49.686Z ===
From: Zezoyah <noreply@zezoyah.com>
To: abdelqalzeinn@gmail.com
Subject: Your cart is waiting ❤ — 1 item left
---
You have items waiting in your cart. Complete your order at https://zezoyah.com/cart.html
=================

